[loop] symbol=NVDA.US interval=300s session(BJ)=22:30->05:00 daily_loss_limit=$200.0 live_submit=True simulate=False dry_run_loop=False
[loop] iter=1 ts=2026-05-08T23:34:15.698352+08:00 cmd=/usr/bin/python3 /projects/vnpy/scripts/classic_multifactor/run.py live --symbol NVDA.US --config nvda_g09.json --budget-per-trade 3000.0 --max-order-value 1000.0 --max-candidates 1 --max-selected 4 --reconciliation-max-age 60 --limit-price-buffer-pct 0.0 --minute-profile --live-submit
2026-05-08 23:34:16,138 | 2581470 | 139868428781376 | [open_context_base.py:410] _init_connect_sync: New connect ready: conn=7458539778393920138(1) context=<futu.trade.open_trade_context.OpenSecTradeContext object at 0x7f352a294bd0>
2026-05-08 23:34:16,374 | 2581470 | 139866308331200 | [open_context_base.py:518] on_disconnect: Disconnected: conn=0(1) reason=CallClose
2026-05-08 23:34:16,376 | 2581470 | 139868428781376 | [open_context_base.py:410] _init_connect_sync: New connect ready: conn=7458539779398998768(2) context=<futu.quote.open_quote_context.OpenQuoteContext object at 0x7f352a80e490>
2026-05-08 23:34:16,459 | 2581470 | 139866308331200 | [open_context_base.py:518] on_disconnect: Disconnected: conn=0(2) reason=CallClose
/projects/vnpy/state/runs/classic_multifactor_NVDA_US_live_report.json
{
  "task": "classic_multifactor_NVDA_US",
  "market": "us",
  "live_submit_requested": true,
  "live_submit_effective": false,
  "live_submit_enabled": true,
  "live_submit_block_reasons": [
    "FUTU_ACCOUNT_LAST4 is empty (required by live-strict)"
  ],
  "env_var_required": "VNPY_LIVE_SUBMIT",
  "risk_config": {
    "budget_per_trade": 3000.0,
    "max_order_value": 1000.0,
    "max_selected": 4,
    "reconciliation_max_age_minutes": 60,
    "limit_price_buffer_pct": 0.0,
    "approval_required": true,
    "approval_env_var_required": "VNPY_LIVE_APPROVED",
    "reconciliation_file": "futu_live_position_reconcile.json",
    "gateway_name": "FUTU",
    "gateway_env": "REAL"
  },
  "account_status": "connected",
  "account_message": "ok; picked_by=strict:uni_card_num; acc_id=281756477904458164; env=REAL; acc_type=MARGIN; auth=['HK', 'US', 'HKCC', 'HKFUND', 'USFUND', 'JP']; uni_last4=6219",
  "selected": [
    {
      "symbol": "NVDA.US",
      "name": "NVIDIA",
      "price": 216.7275,
      "task_score": 87.79,
      "raw_score": 0.7179,
      "allow_trade": false,
      "target_position_pct": 0.0,
      "strategy_selection": {
        "strategy_id": "watch_only",
        "allow_trade": false,
        "confidence": 0.68,
        "reason": "入场条件不足，先观察",
        "source": "timing_fallback",
        "risk_flags": [],
        "metadata": {
          "invalidator": "等待更多确认信号"
        }
      },
      "external_strategy_selection": null,
      "qty": 0,
      "order_value": 0.0,
      "order_value_limit": 1000.0,
      "sizing_status": "target_size_too_small",
      "risk_context": {
        "total_nav": 164993.6583,
        "cash": -189336.17,
        "buying_power": 70508.7431,
        "market_exposure_pct": 0.894819,
        "symbol_exposure_pct": 0.0,
        "daily_new_pct": 0.02317,
        "current_drawdown_pct": 0.0761,
        "position_count": 10
      },
      "live_gate": null,
      "idempotency": null
    }
  ],
  "order_states": []
}
[loop] iter=1 exit=0 timed_out=False env=REAL acct_last4=6219 initial_nav=164972.9791 current_nav=164993.6583 realized_loss_usd=0.0 tripped=False
[loop] iter=2 ts=2026-05-08T23:39:16.632132+08:00 cmd=/usr/bin/python3 /projects/vnpy/scripts/classic_multifactor/run.py live --symbol NVDA.US --config nvda_g09.json --budget-per-trade 3000.0 --max-order-value 1000.0 --max-candidates 1 --max-selected 4 --reconciliation-max-age 60 --limit-price-buffer-pct 0.0 --minute-profile --live-submit
2026-05-08 23:39:17,037 | 2585287 | 140132869166912 | [open_context_base.py:410] _init_connect_sync: New connect ready: conn=7458541040459268809(1) context=<futu.trade.open_trade_context.OpenSecTradeContext object at 0x7f72bc09c5d0>
2026-05-08 23:39:17,315 | 2585287 | 140130748716736 | [open_context_base.py:518] on_disconnect: Disconnected: conn=0(1) reason=CallClose
2026-05-08 23:39:17,317 | 2585287 | 140132869166912 | [open_context_base.py:410] _init_connect_sync: New connect ready: conn=7458541041629646780(2) context=<futu.quote.open_quote_context.OpenQuoteContext object at 0x7f72bd999f90>
2026-05-08 23:39:17,363 | 2585287 | 140130748716736 | [open_context_base.py:518] on_disconnect: Disconnected: conn=0(2) reason=CallClose
/projects/vnpy/state/runs/classic_multifactor_NVDA_US_live_report.json
{
  "task": "classic_multifactor_NVDA_US",
  "market": "us",
  "live_submit_requested": true,
  "live_submit_effective": false,
  "live_submit_enabled": true,
  "live_submit_block_reasons": [
    "FUTU_ACCOUNT_LAST4 is empty (required by live-strict)"
  ],
  "env_var_required": "VNPY_LIVE_SUBMIT",
  "risk_config": {
    "budget_per_trade": 3000.0,
    "max_order_value": 1000.0,
    "max_selected": 4,
    "reconciliation_max_age_minutes": 60,
    "limit_price_buffer_pct": 0.0,
    "approval_required": true,
    "approval_env_var_required": "VNPY_LIVE_APPROVED",
    "reconciliation_file": "futu_live_position_reconcile.json",
    "gateway_name": "FUTU",
    "gateway_env": "REAL"
  },
  "account_status": "connected",
  "account_message": "ok; picked_by=strict:uni_card_num; acc_id=281756477904458164; env=REAL; acc_type=MARGIN; auth=['HK', 'US', 'HKCC', 'HKFUND', 'USFUND', 'JP']; uni_last4=6219",
  "selected": [
    {
      "symbol": "NVDA.US",
      "name": "NVIDIA",
      "price": 217.1,
      "task_score": 87.79,
      "raw_score": 0.7179,
      "allow_trade": false,
      "target_position_pct": 0.0,
      "strategy_selection": {
        "strategy_id": "watch_only",
        "allow_trade": false,
        "confidence": 0.68,
        "reason": "入场条件不足，先观察",
        "source": "timing_fallback",
        "risk_flags": [],
        "metadata": {
          "invalidator": "等待更多确认信号"
        }
      },
      "external_strategy_selection": null,
      "qty": 0,
      "order_value": 0.0,
      "order_value_limit": 1000.0,
      "sizing_status": "target_size_too_small",
      "risk_context": {
        "total_nav": 165092.6948,
        "cash": -189332.47,
        "buying_power": 70610.8124,
        "market_exposure_pct": 0.894356,
        "symbol_exposure_pct": 0.0,
        "daily_new_pct": 0.023156,
        "current_drawdown_pct": 0.0761,
        "position_count": 10
      },
      "live_gate": null,
      "idempotency": null
    }
  ],
  "order_states": []
}
[loop] iter=2 exit=0 timed_out=False env=REAL acct_last4=6219 initial_nav=164972.9791 current_nav=165092.6948 realized_loss_usd=0.0 tripped=False
[loop] iter=3 ts=2026-05-08T23:44:17.481084+08:00 cmd=/usr/bin/python3 /projects/vnpy/scripts/classic_multifactor/run.py live --symbol NVDA.US --config nvda_g09.json --budget-per-trade 3000.0 --max-order-value 1000.0 --max-candidates 1 --max-selected 4 --reconciliation-max-age 60 --limit-price-buffer-pct 0.0 --minute-profile --live-submit
2026-05-08 23:44:17,948 | 2590745 | 139909227677504 | [open_context_base.py:410] _init_connect_sync: New connect ready: conn=7458542302570047005(1) context=<futu.trade.open_trade_context.OpenSecTradeContext object at 0x7f3ea9f78690>
2026-05-08 23:44:18,230 | 2590745 | 139907107227328 | [open_context_base.py:518] on_disconnect: Disconnected: conn=0(1) reason=CallClose
2026-05-08 23:44:18,231 | 2590745 | 139909227677504 | [open_context_base.py:410] _init_connect_sync: New connect ready: conn=7458542303761716064(2) context=<futu.quote.open_quote_context.OpenQuoteContext object at 0x7f3eac950050>
2026-05-08 23:44:18,310 | 2590745 | 139907107227328 | [open_context_base.py:518] on_disconnect: Disconnected: conn=0(2) reason=CallClose
/projects/vnpy/state/runs/classic_multifactor_NVDA_US_live_report.json
{
  "task": "classic_multifactor_NVDA_US",
  "market": "us",
  "live_submit_requested": true,
  "live_submit_effective": false,
  "live_submit_enabled": true,
  "live_submit_block_reasons": [
    "FUTU_ACCOUNT_LAST4 is empty (required by live-strict)"
  ],
  "env_var_required": "VNPY_LIVE_SUBMIT",
  "risk_config": {
    "budget_per_trade": 3000.0,
    "max_order_value": 1000.0,
    "max_selected": 4,
    "reconciliation_max_age_minutes": 60,
    "limit_price_buffer_pct": 0.0,
    "approval_required": true,
    "approval_env_var_required": "VNPY_LIVE_APPROVED",
    "reconciliation_file": "futu_live_position_reconcile.json",
    "gateway_name": "FUTU",
    "gateway_env": "REAL"
  },
  "account_status": "connected",
  "account_message": "ok; picked_by=strict:uni_card_num; acc_id=281756477904458164; env=REAL; acc_type=MARGIN; auth=['HK', 'US', 'HKCC', 'HKFUND', 'USFUND', 'JP']; uni_last4=6219",
  "selected": [
    {
      "symbol": "NVDA.US",
      "name": "NVIDIA",
      "price": 216.35,
      "task_score": 87.79,
      "raw_score": 0.7179,
      "allow_trade": false,
      "target_position_pct": 0.0,
      "strategy_selection": {
        "strategy_id": "watch_only",
        "allow_trade": false,
        "confidence": 0.68,
        "reason": "入场条件不足，先观察",
        "source": "timing_fallback",
        "risk_flags": [],
        "metadata": {
          "invalidator": "等待更多确认信号"
        }
      },
      "external_strategy_selection": null,
      "qty": 0,
      "order_value": 0.0,
      "order_value_limit": 1000.0,
      "sizing_status": "target_size_too_small",
      "risk_context": {
        "total_nav": 164967.5331,
        "cash": -189332.7,
        "buying_power": 70499.966,
        "market_exposure_pct": 0.894938,
        "symbol_exposure_pct": 0.0,
        "daily_new_pct": 0.023174,
        "current_drawdown_pct": 0.0761,
        "position_count": 10
      },
      "live_gate": null,
      "idempotency": null
    }
  ],
  "order_states": []
}
[loop] iter=3 exit=0 timed_out=False env=REAL acct_last4=6219 initial_nav=164972.9791 current_nav=164967.5331 realized_loss_usd=5.445999999996275 tripped=False
[loop] iter=4 ts=2026-05-08T23:49:18.432181+08:00 cmd=/usr/bin/python3 /projects/vnpy/scripts/classic_multifactor/run.py live --symbol NVDA.US --config nvda_g09.json --budget-per-trade 3000.0 --max-order-value 1000.0 --max-candidates 1 --max-selected 4 --reconciliation-max-age 60 --limit-price-buffer-pct 0.0 --minute-profile --live-submit
2026-05-08 23:49:18,856 | 2594982 | 139762395834176 | [open_context_base.py:410] _init_connect_sync: New connect ready: conn=7458543564664410585(1) context=<futu.trade.open_trade_context.OpenSecTradeContext object at 0x7f1c7a857e50>
2026-05-08 23:49:19,113 | 2594982 | 139760275388096 | [open_context_base.py:518] on_disconnect: Disconnected: conn=0(1) reason=CallClose
2026-05-08 23:49:19,114 | 2594982 | 139762395834176 | [open_context_base.py:410] _init_connect_sync: New connect ready: conn=7458543565756939891(2) context=<futu.quote.open_quote_context.OpenQuoteContext object at 0x7f1c7cb31010>
2026-05-08 23:49:19,193 | 2594982 | 139760275388096 | [open_context_base.py:518] on_disconnect: Disconnected: conn=0(2) reason=CallClose
/projects/vnpy/state/runs/classic_multifactor_NVDA_US_live_report.json
{
  "task": "classic_multifactor_NVDA_US",
  "market": "us",
  "live_submit_requested": true,
  "live_submit_effective": false,
  "live_submit_enabled": true,
  "live_submit_block_reasons": [
    "FUTU_ACCOUNT_LAST4 is empty (required by live-strict)"
  ],
  "env_var_required": "VNPY_LIVE_SUBMIT",
  "risk_config": {
    "budget_per_trade": 3000.0,
    "max_order_value": 1000.0,
    "max_selected": 4,
    "reconciliation_max_age_minutes": 60,
    "limit_price_buffer_pct": 0.0,
    "approval_required": true,
    "approval_env_var_required": "VNPY_LIVE_APPROVED",
    "reconciliation_file": "futu_live_position_reconcile.json",
    "gateway_name": "FUTU",
    "gateway_env": "REAL"
  },
  "account_status": "connected",
  "account_message": "ok; picked_by=strict:uni_card_num; acc_id=281756477904458164; env=REAL; acc_type=MARGIN; auth=['HK', 'US', 'HKCC', 'HKFUND', 'USFUND', 'JP']; uni_last4=6219",
  "selected": [
    {
      "symbol": "NVDA.US",
      "name": "NVIDIA",
      "price": 216.32,
      "task_score": 87.79,
      "raw_score": 0.7179,
      "allow_trade": false,
      "target_position_pct": 0.0,
      "strategy_selection": {
        "strategy_id": "watch_only",
        "allow_trade": false,
        "confidence": 0.68,
        "reason": "入场条件不足，先观察",
        "source": "timing_fallback",
        "risk_flags": [],
        "metadata": {
          "invalidator": "等待更多确认信号"
        }
      },
      "external_strategy_selection": null,
      "qty": 0,
      "order_value": 0.0,
      "order_value_limit": 1000.0,
      "sizing_status": "target_size_too_small",
      "risk_context": {
        "total_nav": 164991.3886,
        "cash": -189333.71,
        "buying_power": 70527.4964,
        "market_exposure_pct": 0.894828,
        "symbol_exposure_pct": 0.0,
        "daily_new_pct": 0.02317,
        "current_drawdown_pct": 0.0761,
        "position_count": 10
      },
      "live_gate": null,
      "idempotency": null
    }
  ],
  "order_states": []
}
[loop] iter=4 exit=0 timed_out=False env=REAL acct_last4=6219 initial_nav=164972.9791 current_nav=164991.3886 realized_loss_usd=0.0 tripped=False
[loop] iter=5 ts=2026-05-08T23:54:19.282826+08:00 cmd=/usr/bin/python3 /projects/vnpy/scripts/classic_multifactor/run.py live --symbol NVDA.US --config nvda_g09.json --budget-per-trade 3000.0 --max-order-value 1000.0 --max-candidates 1 --max-selected 4 --reconciliation-max-age 60 --limit-price-buffer-pct 0.0 --minute-profile --live-submit
2026-05-08 23:54:19,703 | 2598803 | 140054301628224 | [open_context_base.py:410] _init_connect_sync: New connect ready: conn=7458544826509461077(1) context=<futu.trade.open_trade_context.OpenSecTradeContext object at 0x7f60710b82d0>
2026-05-08 23:54:19,948 | 2598803 | 140052181169856 | [open_context_base.py:518] on_disconnect: Disconnected: conn=0(1) reason=CallClose
2026-05-08 23:54:19,950 | 2598803 | 140054301628224 | [open_context_base.py:410] _init_connect_sync: New connect ready: conn=7458544827547604712(2) context=<futu.quote.open_quote_context.OpenQuoteContext object at 0x7f6071264410>
2026-05-08 23:54:20,028 | 2598803 | 140052181169856 | [open_context_base.py:518] on_disconnect: Disconnected: conn=0(2) reason=CallClose
/projects/vnpy/state/runs/classic_multifactor_NVDA_US_live_report.json
{
  "task": "classic_multifactor_NVDA_US",
  "market": "us",
  "live_submit_requested": true,
  "live_submit_effective": false,
  "live_submit_enabled": true,
  "live_submit_block_reasons": [
    "FUTU_ACCOUNT_LAST4 is empty (required by live-strict)"
  ],
  "env_var_required": "VNPY_LIVE_SUBMIT",
  "risk_config": {
    "budget_per_trade": 3000.0,
    "max_order_value": 1000.0,
    "max_selected": 4,
    "reconciliation_max_age_minutes": 60,
    "limit_price_buffer_pct": 0.0,
    "approval_required": true,
    "approval_env_var_required": "VNPY_LIVE_APPROVED",
    "reconciliation_file": "futu_live_position_reconcile.json",
    "gateway_name": "FUTU",
    "gateway_env": "REAL"
  },
  "account_status": "connected",
  "account_message": "ok; picked_by=strict:uni_card_num; acc_id=281756477904458164; env=REAL; acc_type=MARGIN; auth=['HK', 'US', 'HKCC', 'HKFUND', 'USFUND', 'JP']; uni_last4=6219",
  "selected": [
    {
      "symbol": "NVDA.US",
      "name": "NVIDIA",
      "price": 216.185,
      "task_score": 87.79,
      "raw_score": 0.7179,
      "allow_trade": false,
      "target_position_pct": 0.0,
      "strategy_selection": {
        "strategy_id": "watch_only",
        "allow_trade": false,
        "confidence": 0.68,
        "reason": "入场条件不足，先观察",
        "source": "timing_fallback",
        "risk_flags": [],
        "metadata": {
          "invalidator": "等待更多确认信号"
        }
      },
      "external_strategy_selection": null,
      "qty": 0,
      "order_value": 0.0,
      "order_value_limit": 1000.0,
      "sizing_status": "target_size_too_small",
      "risk_context": {
        "total_nav": 164858.9737,
        "cash": -189333.82,
        "buying_power": 70412.3694,
        "market_exposure_pct": 0.895444,
        "symbol_exposure_pct": 0.0,
        "daily_new_pct": 0.023189,
        "current_drawdown_pct": 0.0761,
        "position_count": 10
      },
      "live_gate": null,
      "idempotency": null
    }
  ],
  "order_states": []
}
[loop] iter=5 exit=0 timed_out=False env=REAL acct_last4=6219 initial_nav=164972.9791 current_nav=164858.9737 realized_loss_usd=114.00539999999455 tripped=False
[loop] iter=6 ts=2026-05-08T23:59:20.180817+08:00 cmd=/usr/bin/python3 /projects/vnpy/scripts/classic_multifactor/run.py live --symbol NVDA.US --config nvda_g09.json --budget-per-trade 3000.0 --max-order-value 1000.0 --max-candidates 1 --max-selected 4 --reconciliation-max-age 60 --limit-price-buffer-pct 0.0 --minute-profile --live-submit
2026-05-08 23:59:20,650 | 2602464 | 139634222348096 | [open_context_base.py:410] _init_connect_sync: New connect ready: conn=7458546088772495037(1) context=<futu.trade.open_trade_context.OpenSecTradeContext object at 0x7efea25f8790>
2026-05-08 23:59:20,926 | 2602464 | 139632101906112 | [open_context_base.py:518] on_disconnect: Disconnected: conn=0(1) reason=CallClose
2026-05-08 23:59:20,929 | 2602464 | 139634222348096 | [open_context_base.py:410] _init_connect_sync: New connect ready: conn=7458546089947679965(2) context=<futu.quote.open_quote_context.OpenQuoteContext object at 0x7efea2ae0fd0>
2026-05-08 23:59:21,005 | 2602464 | 139632101906112 | [open_context_base.py:518] on_disconnect: Disconnected: conn=0(2) reason=CallClose
/projects/vnpy/state/runs/classic_multifactor_NVDA_US_live_report.json
{
  "task": "classic_multifactor_NVDA_US",
  "market": "us",
  "live_submit_requested": true,
  "live_submit_effective": false,
  "live_submit_enabled": true,
  "live_submit_block_reasons": [
    "FUTU_ACCOUNT_LAST4 is empty (required by live-strict)"
  ],
  "env_var_required": "VNPY_LIVE_SUBMIT",
  "risk_config": {
    "budget_per_trade": 3000.0,
    "max_order_value": 1000.0,
    "max_selected": 4,
    "reconciliation_max_age_minutes": 60,
    "limit_price_buffer_pct": 0.0,
    "approval_required": true,
    "approval_env_var_required": "VNPY_LIVE_APPROVED",
    "reconciliation_file": "futu_live_position_reconcile.json",
    "gateway_name": "FUTU",
    "gateway_env": "REAL"
  },
  "account_status": "connected",
  "account_message": "ok; picked_by=strict:uni_card_num; acc_id=281756477904458164; env=REAL; acc_type=MARGIN; auth=['HK', 'US', 'HKCC', 'HKFUND', 'USFUND', 'JP']; uni_last4=6219",
  "selected": [
    {
      "symbol": "NVDA.US",
      "name": "NVIDIA",
      "price": 215.56,
      "task_score": 87.79,
      "raw_score": 0.7179,
      "allow_trade": false,
      "target_position_pct": 0.0,
      "strategy_selection": {
        "strategy_id": "watch_only",
        "allow_trade": false,
        "confidence": 0.68,
        "reason": "入场条件不足，先观察",
        "source": "timing_fallback",
        "risk_flags": [],
        "metadata": {
          "invalidator": "等待更多确认信号"
        }
      },
      "external_strategy_selection": null,
      "qty": 0,
      "order_value": 0.0,
      "order_value_limit": 1000.0,
      "sizing_status": "target_size_too_small",
      "risk_context": {
        "total_nav": 164815.0093,
        "cash": -189330.74,
        "buying_power": 70373.3301,
        "market_exposure_pct": 0.895647,
        "symbol_exposure_pct": 0.0,
        "daily_new_pct": 0.023195,
        "current_drawdown_pct": 0.0761,
        "position_count": 10
      },
      "live_gate": null,
      "idempotency": null
    }
  ],
  "order_states": []
}
[loop] iter=6 exit=0 timed_out=False env=REAL acct_last4=6219 initial_nav=164972.9791 current_nav=164815.0093 realized_loss_usd=157.96979999999166 tripped=False
[loop] iter=7 ts=2026-05-09T00:04:21.132768+08:00 cmd=/usr/bin/python3 /projects/vnpy/scripts/classic_multifactor/run.py live --symbol NVDA.US --config nvda_g09.json --budget-per-trade 3000.0 --max-order-value 1000.0 --max-candidates 1 --max-selected 4 --reconciliation-max-age 60 --limit-price-buffer-pct 0.0 --minute-profile --live-submit
2026-05-09 00:04:21,672 | 2606169 | 140511363725120 | [open_context_base.py:410] _init_connect_sync: New connect ready: conn=7458547351350800054(1) context=<futu.trade.open_trade_context.OpenSecTradeContext object at 0x7fcadc114d50>
2026-05-09 00:04:21,958 | 2606169 | 140509243258560 | [open_context_base.py:518] on_disconnect: Disconnected: conn=0(1) reason=CallClose
2026-05-09 00:04:21,960 | 2606169 | 140511363725120 | [open_context_base.py:410] _init_connect_sync: New connect ready: conn=7458547352562935362(2) context=<futu.quote.open_quote_context.OpenQuoteContext object at 0x7fcadea4fb90>
2026-05-09 00:04:22,041 | 2606169 | 140509243258560 | [open_context_base.py:518] on_disconnect: Disconnected: conn=0(2) reason=CallClose
/projects/vnpy/state/runs/classic_multifactor_NVDA_US_live_report.json
{
  "task": "classic_multifactor_NVDA_US",
  "market": "us",
  "live_submit_requested": true,
  "live_submit_effective": false,
  "live_submit_enabled": true,
  "live_submit_block_reasons": [
    "FUTU_ACCOUNT_LAST4 is empty (required by live-strict)"
  ],
  "env_var_required": "VNPY_LIVE_SUBMIT",
  "risk_config": {
    "budget_per_trade": 3000.0,
    "max_order_value": 1000.0,
    "max_selected": 4,
    "reconciliation_max_age_minutes": 60,
    "limit_price_buffer_pct": 0.0,
    "approval_required": true,
    "approval_env_var_required": "VNPY_LIVE_APPROVED",
    "reconciliation_file": "futu_live_position_reconcile.json",
    "gateway_name": "FUTU",
    "gateway_env": "REAL"
  },
  "account_status": "connected",
  "account_message": "ok; picked_by=strict:uni_card_num; acc_id=281756477904458164; env=REAL; acc_type=MARGIN; auth=['HK', 'US', 'HKCC', 'HKFUND', 'USFUND', 'JP']; uni_last4=6219",
  "selected": [
    {
      "symbol": "NVDA.US",
      "name": "NVIDIA",
      "price": 215.6044,
      "task_score": 87.79,
      "raw_score": 0.7179,
      "allow_trade": false,
      "target_position_pct": 0.0,
      "strategy_selection": {
        "strategy_id": "watch_only",
        "allow_trade": false,
        "confidence": 0.68,
        "reason": "入场条件不足，先观察",
        "source": "timing_fallback",
        "risk_flags": [],
        "metadata": {
          "invalidator": "等待更多确认信号"
        }
      },
      "external_strategy_selection": null,
      "qty": 0,
      "order_value": 0.0,
      "order_value_limit": 1000.0,
      "sizing_status": "target_size_too_small",
      "risk_context": {
        "total_nav": 164842.3688,
        "cash": -189333.6,
        "buying_power": 70396.8578,
        "market_exposure_pct": 0.895521,
        "symbol_exposure_pct": 0.0,
        "daily_new_pct": 0.0,
        "current_drawdown_pct": 0.0761,
        "position_count": 10
      },
      "live_gate": null,
      "idempotency": null
    }
  ],
  "order_states": []
}
[loop] anchor stale (date:2026-05-08->2026-05-09), rebuilt=True
[loop] iter=7 exit=0 timed_out=False env=REAL acct_last4=6219 initial_nav=164842.3688 current_nav=164842.3688 realized_loss_usd=0.0 tripped=False
[loop] iter=8 ts=2026-05-09T00:09:22.182878+08:00 cmd=/usr/bin/python3 /projects/vnpy/scripts/classic_multifactor/run.py live --symbol NVDA.US --config nvda_g09.json --budget-per-trade 3000.0 --max-order-value 1000.0 --max-candidates 1 --max-selected 4 --reconciliation-max-age 60 --limit-price-buffer-pct 0.0 --minute-profile --live-submit
2026-05-09 00:09:22,632 | 2610570 | 140446860711744 | [open_context_base.py:410] _init_connect_sync: New connect ready: conn=7458548613670809280(1) context=<futu.trade.open_trade_context.OpenSecTradeContext object at 0x7fbbd766c790>
2026-05-09 00:09:22,892 | 2610570 | 140444740257472 | [open_context_base.py:518] on_disconnect: Disconnected: conn=0(1) reason=CallClose
2026-05-09 00:09:22,894 | 2610570 | 140446860711744 | [open_context_base.py:410] _init_connect_sync: New connect ready: conn=7458548614769609964(2) context=<futu.quote.open_quote_context.OpenQuoteContext object at 0x7fbbd7eb3650>
2026-05-09 00:09:22,940 | 2610570 | 140444740257472 | [open_context_base.py:518] on_disconnect: Disconnected: conn=0(2) reason=CallClose
/projects/vnpy/state/runs/classic_multifactor_NVDA_US_live_report.json
{
  "task": "classic_multifactor_NVDA_US",
  "market": "us",
  "live_submit_requested": true,
  "live_submit_effective": false,
  "live_submit_enabled": true,
  "live_submit_block_reasons": [
    "FUTU_ACCOUNT_LAST4 is empty (required by live-strict)"
  ],
  "env_var_required": "VNPY_LIVE_SUBMIT",
  "risk_config": {
    "budget_per_trade": 3000.0,
    "max_order_value": 1000.0,
    "max_selected": 4,
    "reconciliation_max_age_minutes": 60,
    "limit_price_buffer_pct": 0.0,
    "approval_required": true,
    "approval_env_var_required": "VNPY_LIVE_APPROVED",
    "reconciliation_file": "futu_live_position_reconcile.json",
    "gateway_name": "FUTU",
    "gateway_env": "REAL"
  },
  "account_status": "connected",
  "account_message": "ok; picked_by=strict:triple; acc_id=281756477904458164; env=REAL; acc_type=MARGIN; auth=['HK', 'US', 'HKCC', 'HKFUND', 'USFUND', 'JP']; uni_last4=6219",
  "selected": [
    {
      "symbol": "NVDA.US",
      "name": "NVIDIA",
      "price": 215.35,
      "task_score": 87.79,
      "raw_score": 0.7179,
      "allow_trade": false,
      "target_position_pct": 0.0,
      "strategy_selection": {
        "strategy_id": "watch_only",
        "allow_trade": false,
        "confidence": 0.68,
        "reason": "入场条件不足，先观察",
        "source": "timing_fallback",
        "risk_flags": [],
        "metadata": {
          "invalidator": "等待更多确认信号"
        }
      },
      "external_strategy_selection": null,
      "qty": 0,
      "order_value": 0.0,
      "order_value_limit": 1000.0,
      "sizing_status": "target_size_too_small",
      "risk_context": {
        "total_nav": 164888.5554,
        "cash": -189334.48,
        "buying_power": 70430.3475,
        "market_exposure_pct": 0.895308,
        "symbol_exposure_pct": 0.0,
        "daily_new_pct": 0.0,
        "current_drawdown_pct": 0.0761,
        "position_count": 10
      },
      "live_gate": null,
      "idempotency": null
    }
  ],
  "order_states": []
}
[loop] iter=8 exit=0 timed_out=False env=REAL acct_last4=6219 initial_nav=164842.3688 current_nav=164888.5554 realized_loss_usd=0.0 tripped=False
[loop] exit
[loop] symbol=NVDA.US interval=300s session(BJ)=22:30->05:00 daily_loss_limit=$200.0 live_submit=True simulate=False dry_run_loop=False
[loop] iter=1 ts=2026-05-09T00:18:46.270427+08:00 cmd=/usr/bin/python3 /projects/vnpy/scripts/classic_multifactor/run.py live --symbol NVDA.US --config nvda_g09.json --budget-per-trade 3000.0 --max-order-value 1000.0 --max-candidates 1 --max-selected 4 --reconciliation-max-age 60 --limit-price-buffer-pct 0.0 --minute-profile --live-submit
2026-05-09 00:18:46,731 | 2620166 | 140009194616640 | [open_context_base.py:410] _init_connect_sync: New connect ready: conn=7458550979671248841(1) context=<futu.trade.open_trade_context.OpenSecTradeContext object at 0x7f55f075c5d0>
2026-05-09 00:18:46,960 | 2620166 | 140007074166464 | [open_context_base.py:518] on_disconnect: Disconnected: conn=0(1) reason=CallClose
2026-05-09 00:18:46,963 | 2620166 | 140009194616640 | [open_context_base.py:410] _init_connect_sync: New connect ready: conn=7458550980645634668(2) context=<futu.quote.open_quote_context.OpenQuoteContext object at 0x7f55f2f59490>
2026-05-09 00:18:47,011 | 2620166 | 140007074166464 | [open_context_base.py:518] on_disconnect: Disconnected: conn=0(2) reason=CallClose
/projects/vnpy/state/runs/classic_multifactor_NVDA_US_live_report.json
{
  "task": "classic_multifactor_NVDA_US",
  "market": "us",
  "live_submit_requested": true,
  "live_submit_effective": false,
  "live_submit_enabled": true,
  "live_submit_block_reasons": [
    "FUTU_ACCOUNT_LAST4 is empty (required by live-strict)"
  ],
  "env_var_required": "VNPY_LIVE_SUBMIT",
  "risk_config": {
    "budget_per_trade": 3000.0,
    "max_order_value": 1000.0,
    "max_selected": 4,
    "reconciliation_max_age_minutes": 60,
    "limit_price_buffer_pct": 0.0,
    "approval_required": true,
    "approval_env_var_required": "VNPY_LIVE_APPROVED",
    "reconciliation_file": "futu_live_position_reconcile.json",
    "gateway_name": "FUTU",
    "gateway_env": "REAL"
  },
  "account_status": "connected",
  "account_message": "ok; picked_by=strict:triple; acc_id=281756477904458164; env=REAL; acc_type=MARGIN; auth=['HK', 'US', 'HKCC', 'HKFUND', 'USFUND', 'JP']; uni_last4=6219",
  "selected": [
    {
      "symbol": "NVDA.US",
      "name": "NVIDIA",
      "price": 215.4899,
      "task_score": 94.01,
      "raw_score": 0.729,
      "allow_trade": true,
      "target_position_pct": 0.18,
      "strategy_selection": {
        "strategy_id": "trend_following",
        "allow_trade": true,
        "confidence": 0.78,
        "reason": "趋势、均线和综合评分健康，使用趋势跟踪策略",
        "source": "rules",
        "risk_flags": [],
        "metadata": {}
      },
      "external_strategy_selection": null,
      "qty": 2,
      "order_value": 430.9798,
      "order_value_limit": 1000.0,
      "sizing_status": "ok",
      "risk_context": {
        "total_nav": 164879.496,
        "cash": -189334.54,
        "buying_power": 70428.2701,
        "market_exposure_pct": 0.895349,
        "symbol_exposure_pct": 0.002614,
        "daily_new_pct": 0.0,
        "current_drawdown_pct": 0.0761,
        "position_count": 10
      },
      "live_gate": {
        "allowed": false,
        "reasons": [
          "approval status is not approved: pending",
          "mode is not live; submit blocked",
          "single position exceeds limit 0.1",
          "market exposure exceeds limit 0.35"
        ]
      },
      "idempotency": {
        "allowed": true,
        "reason": "ok"
      }
    }
  ],
  "order_states": []
}
[loop] iter=1 exit=0 timed_out=False env=REAL acct_last4=6219 initial_nav=164842.3688 current_nav=164879.496 realized_loss_usd=0.0 tripped=False
[loop] exit
