2026-05-24 08:05:54,989 - ted_pipeline_main - INFO - === TED完整流水线启动 ===
2026-05-24 08:05:54,990 - ted_pipeline - INFO - 开始步骤: Knot四维研究召回
2026-05-24 08:05:54,990 - ted_pipeline - INFO - 执行命令: python3 /projects/vnpy/phase2/ted/run_knot_4dim_research.py
2026-05-24 08:05:58,830 - ted_pipeline - ERROR - 步骤失败: Knot四维研究召回, 错误: 
2026-05-24 08:05:58,831 - ted_pipeline_main - ERROR - 步骤1失败，停止流水线
2026-05-24 08:15:12,327 - ted_pipeline_main - INFO - === TED完整流水线启动 ===
2026-05-24 08:15:12,327 - ted_pipeline - INFO - 开始步骤: Knot四维研究召回
2026-05-24 08:15:12,327 - ted_pipeline - INFO - 执行命令: python3 /projects/vnpy/phase2/ted/run_knot_4dim_research.py
2026-05-24 08:16:58,045 - ted_pipeline - INFO - 步骤完成: Knot四维研究召回
2026-05-24 08:16:58,045 - ted_pipeline - INFO - 2026-05-24 08:15:12,351 - knot_4dim_main - INFO - === Knot四维研究召回启动 ===

🎯 开始Knot四维研究召回 (方案C第一步)
📊 维度: 技术面、基本面、资金流、事件驱动
🎯 目标: 发现强趋势暴涨候选标的
2026-05-24 08:15:12,351 - knot_4dim - INFO - 开始Knot四维研究召回...
2026-05-24 08:15:12,351 - knot_4dim - INFO - 执行命令: python3 /projects/vnpy/scripts/quant_workflow/run_knot_4dim_picks_us.py
2026-05-24 08:16:58,037 - knot_4dim - INFO - Knot四维研究召回完成
2026-05-24 08:16:58,037 - knot_4dim - INFO - 输出: [US 4-Dim Picks @ 2026-05-24T00:16:58Z]
-- Technical -------------------------------
  1. AMZN.US    Amazon.com, Inc.   score=0.74  trend=0.84 flow=0.55 event=0.84 quality=0.84  risk=low
      rationale: Shares remain above the 20/30/60-day averages, keeping the medium-term uptrend i
      risk:      A failed hold of the 20-day average could turn this into a momentum fade.
      action:    Watch for a high-volume rebound or breakdown around the 20-day moving average.
  2. GOOGL.US   Alphabet Inc. Clas score=0.71  trend=0.81 flow=0.55 event=0.81 quality=0.81  risk=low
      rationale: Price is still above the 20/30/60-day averages, suggesting trend strength even a
      risk:      Negative MACD momentum could deepen if buyers do not defend recent support.
      action:    Monitor whether MACD stabilizes and whether price reclaims the 5/10-day averages
  3. NFLX.US    Netflix, Inc.      score=0.67  trend=0.76 flow=0.54 event=0.76 quality=0.76  risk=low
      rationale: A positive MACD histogram with price near the 10/20-day averages points to a pos
      risk:      If price slips back below the 10-day average, the setup may lose momentum quickl
      action:    Look for follow-through volume and confirmation above the recent short-term rang
-- Fundamental -----------------------------
  1. MSFT.US    Microsoft Corporat score=0.80  trend=0.92 flow=0.56 event=0.92 quality=0.92  risk=low
      rationale: Cloud-scale earnings power and roughly 69% gross margin support a durable high-q
      risk:      A rich valuation could compress if AI monetization or Azure growth disappoints.
      action:    Refresh revenue and margin estimates around cloud and AI contribution trends.
  2. LLY.US     Eli Lilly and Comp score=0.77  trend=0.91 flow=0.56 event=0.91 quality=0.91  risk=medium
      rationale: Exceptional revenue growth and more than 80% gross margin reinforce the obesity 
      risk:      Drug pricing pressure or pipeline execution setbacks could hit sentiment fast.
      action:    Track prescription demand, supply expansion, and next obesity pipeline readouts.
  3. V.US       Visa Inc.          score=0.76  trend=0.87 flow=0.56 event=0.87 quality=0.87  risk=low
      rationale: Very high operating margins and steady payment-network economics make it a resil
      risk:      Consumer spending softness or regulatory pressure on fees could trim growth expe
      action:    Review cross-border volume trends and management guidance on payment activity.
-- Capital Flow ----------------------------
  1. NVDA.US    NVIDIA Corporation score=0.78  trend=0.90 flow=0.56 event=0.90 quality=0.90  risk=low
      rationale: Low short interest and massive turnover point to persistent institutional sponso
      risk:      Any slowdown in AI demand expectations could trigger fast profit-taking in a cro
      action:    Track short-interest changes, turnover, and post-earnings positioning shifts.
  2. AAPL.US    Apple Inc.         score=0.74  trend=0.85 flow=0.55 event=0.85 quality=0.85  risk=low
      rationale: A very low short ratio with deep liquidity suggests stable institutional ownersh
      risk:      Product-cycle disappointment could pressure flows even without heavy short posit
      action:    Monitor volume trends into product catalysts and changes in short-cover days.
  3. PLTR.US    Palantir Technolog score=0.70  trend=0.79 flow=0.54 event=0.79 quality=0.79  risk=low
      rationale: Heavy trading activity alongside elevated short interest creates a high-informat
      risk:      Crowded positioning can unwind sharply if valuation concerns dominate the tape.
      action:    Follow daily turnover, short-interest direction, and any unusual block activity.
-- Event Driven ----------------------------
  1. META.US    Meta Platforms, In score=0.75  trend=0.88 flow=0.56 event=0.88 quality=0.88  risk=medium
      rationale: Layoff and AI restructuring headlines create a fresh catalyst path around margin
      risk:      Execution risk is high if cost cuts disrupt product velocity or AI spending stay
      action:    Follow management commentary and estimate revisions tied to the AI reorganizatio
  2. TSLA.US    Tesla, Inc.        score=0.73  trend=0.83 flow=0.55 event=0.83 quality=0.83  risk=low
      rationale: China FSD availability headlines make Tesla a live event-driven name with potent
      risk:      Regulatory friction or delayed rollout details could reverse the headline-driven
      action:    Track official rollout specifics, regulator signals, and demand response in key 
  3. AVGO.US    Broadcom Inc.      score=0.66  trend=0.80 flow=0.55 event=0.80 quality=0.80  risk=high
      rationale: Recent AI ecosystem headlines and sharp volatility around AI dependence keep Bro
      risk:      High expectations around AI revenue can magnify downside if incremental demand d
      action:    Review next management updates on AI networking demand and customer concentratio
summary: dims=4 picks=12 knot=ok scoring=dynamic_hybrid_v3
[knot_4dim_us] wrote /projects/vnpy/log/2026052408/knot_4dim_us.json

2026-05-24 08:16:58,038 - knot_4dim - INFO - Knot研究结果: 3技术 + 3基本面 + 3资金流 + 3事件驱动
2026-05-24 08:16:58,038 - knot_4dim_main - INFO - === Knot四维研究召回完成 ===

✅ Knot四维研究召回完成！
📁 结果文件: /projects/vnpy/log/YYYYMMDDHH/knot_4dim_us.json
📋 日志文件: /projects/vnpy/log/knot_4dim_research.log

➡️ 下一步: 运行候选准备召回

2026-05-24 08:16:58,045 - ted_pipeline - INFO - 开始步骤: 候选准备召回
2026-05-24 08:16:58,045 - ted_pipeline - INFO - 执行命令: python3 /projects/vnpy/phase2/ted/run_candidate_preparation.py
2026-05-24 08:20:43,069 - ted_pipeline_main - INFO - === TED完整流水线启动 ===
2026-05-24 08:20:43,070 - ted_pipeline - INFO - 开始步骤: Knot四维研究召回
2026-05-24 08:20:43,070 - ted_pipeline - INFO - 执行命令: python3 /projects/vnpy/phase2/ted/run_knot_4dim_research.py
2026-05-24 08:21:26,351 - ted_pipeline - INFO - 步骤完成: 候选准备召回
2026-05-24 08:21:26,352 - ted_pipeline - INFO - 2026-05-24 08:16:58,067 - candidate_prep_main - INFO - === 候选准备召回启动 ===

🎯 开始候选准备召回 (方案C第二步)
📊 策略: knot_first + momentum_cta
🎯 目标: 结合Knot种子和市场数据生成动态候选
2026-05-24 08:16:58,067 - candidate_prep - INFO - 发现Knot四维研究结果: 2026052408, 总候选数: 12
📋 检测到Knot四维研究结果，将作为种子使用
2026-05-24 08:16:58,067 - candidate_prep - INFO - 开始动态候选准备...
2026-05-24 08:16:58,067 - candidate_prep - INFO - 执行命令: python3 /projects/vnpy/scripts/quant_workflow/run_prepare_candidate_inputs.py --market us --strategy knot_first --top-n 24 --knot-target-count 36 --universe-preset momentum_cta --include-market-data
2026-05-24 08:21:26,344 - candidate_prep - INFO - 动态候选准备完成
2026-05-24 08:21:26,344 - candidate_prep - INFO - 输出: 2026-05-24 08:19:25,382 | 243757 | 140501996439360 | [open_context_base.py:410] _init_connect_sync: New connect ready: conn=7464107755724599820(1) context=<futu.quote.open_quote_context.OpenQuoteContext object at 0x7fc9285f5590>
2026-05-24 08:19:25,488 | 243757 | 140499873916608 | [open_context_base.py:518] on_disconnect: Disconnected: conn=0(1) reason=CallClose
/projects/vnpy/state/runs/candidate_inputs.prepare.report.json
{
  "schema_version": "candidate_prepare_report_v3",
  "generated_at": "2026-05-24T08:16:58.528727+08:00",
  "as_of_date": "2026-05-24",
  "report_path": "/projects/vnpy/state/runs/candidate_inputs.prepare.report.json",
  "per_market_report_paths": {
    "us": "/projects/vnpy/state/runs/candidate_inputs.prepare.report.us.json"
  },
  "per_market_dynamic_paths": {
    "us": "/projects/vnpy/state/runs/candidate_inputs.dynamic.us.json"
  },
  "mode": "dynamic_market_scoped",
  "strategy_requested": "knot_first",
  "target_markets": [
    "us"
  ],
  "dynamic_path": "/projects/vnpy/state/runs/candidate_inputs.dynamic.json",
  "dry_run": false,
  "written": true,
  "market_runs": [
    {
      "market": "us",
      "strategy_requested": "knot_first",
      "strategy_used": "knot_first",
      "knot_status": "ok",
      "knot_seed_count": 14,
      "universe_size": 0,
      "universe_preset": "momentum_cta",
      "scored_count": 14,
      "kept_count": 14,
      "source_files": [
        "/projects/vnpy/state/runs/candidate_inputs.dynamic.us.seed.json"
      ],
      "warnings": [],
      "written": true,
      "output_path": "/projects/vnpy/state/runs/candidate_inputs.dynamic.us.json",
      "top_symbols": [
        {
          "symbol": "DELL.US",
          "raw_score": 0.7896
        },
        {
          "symbol": "ZM.US",
          "raw_score": 0.7697
        },
        {
          "symbol": "NVDA.US",
          "raw_score": 0.7469
        },
        {
          "symbol": "SNOW.US",
          "raw_score": 0.7451
        },
        {
          "symbol": "HPQ.US",
          "raw_score": 0.7405
        },
        {
          "symbol": "BURL.US",
          "raw_score": 0.7365
        },
        {
          "symbol": "MRVL.US",
          "raw_score": 0.7322
        },
        {
          "symbol": "CRM.US",
          "raw_score": 0.7284
        },
        {
          "symbol": "BBY.US",
          "raw_score": 0.6741
        },
        {
          "symbol": "ADSK.US",
          "raw_score": 0.6674
        }
      ]
    }
  ],
  "summary": {
    "total_items": 14,
    "market_counts": {
      "us": 14
    },
    "include_market_data": true,
    "knot_runtime": "auto",
    "warnings": []
  }
}

2026-05-24 08:21:26,344 - candidate_prep - INFO - 候选准备报告状态: N/A
2026-05-24 08:21:26,346 - candidate_prep - INFO - 动态候选数: 14
2026-05-24 08:21:26,346 - candidate_prep_main - INFO - === 候选准备召回完成 ===

✅ 候选准备召回完成！
📁 报告文件: /projects/vnpy/state/runs/candidate_inputs.prepare.report.us.json
📁 候选文件: /projects/vnpy/state/runs/candidate_inputs.dynamic.us.json
📋 日志文件: /projects/vnpy/log/candidate_preparation.log

➡️ 下一步: 运行TED进攻型标池发现

2026-05-24 08:21:26,352 - ted_pipeline - INFO - 开始TED进攻型标池发现...
2026-05-24 08:21:26,355 - phase2.ted.trend_explosion_discovery - INFO - 开始进攻型标池发现流程...
2026-05-24 08:21:26,355 - phase2.ted.trend_explosion_discovery - INFO - 加载Knot四维结果: 4个维度
2026-05-24 08:21:26,357 - phase2.ted.trend_explosion_discovery - INFO - 加载动态候选: 14个标的
2026-05-24 08:21:26,357 - phase2.ted.trend_explosion_discovery - INFO - 筛选进攻型候选: 10个标的
2026-05-24 08:21:26,357 - phase2.ted.trend_explosion_discovery - INFO - 进攻型标池发现完成
2026-05-24 08:21:26,357 - ted_pipeline - INFO - TED发现完成，报告保存至: /projects/vnpy/state/runs/ted_aggressive_pool_report.json
2026-05-24 08:21:26,358 - ted_pipeline_main - INFO - === TED完整流水线完成 ===
2026-05-24 08:21:49,038 - ted_pipeline - INFO - 步骤完成: Knot四维研究召回
2026-05-24 08:21:49,039 - ted_pipeline - INFO - 2026-05-24 08:20:43,093 - knot_4dim_main - INFO - === Knot四维研究召回启动 ===

🎯 开始Knot四维研究召回 (方案C第一步)
📊 维度: 技术面、基本面、资金流、事件驱动
🎯 目标: 发现强趋势暴涨候选标的
2026-05-24 08:20:43,094 - knot_4dim - INFO - 开始Knot四维研究召回...
2026-05-24 08:20:43,094 - knot_4dim - INFO - 执行命令: python3 /projects/vnpy/scripts/quant_workflow/run_knot_4dim_picks_us.py
2026-05-24 08:21:49,031 - knot_4dim - INFO - Knot四维研究召回完成
2026-05-24 08:21:49,031 - knot_4dim - INFO - 输出: [US 4-Dim Picks @ 2026-05-24T00:21:49Z]
-- Technical -------------------------------
  1. CRWD.US    CrowdStrike Holdin score=0.73  trend=0.83 flow=0.55 event=0.83 quality=0.83  risk=low
      rationale: CRWD is breaking to fresh highs with strong recent relative strength and momentu
      risk:      A sharp pullback could follow if momentum traders lock in gains after the breako
      action:    Monitor post-breakout follow-through and near-term support holding above the rec
  2. TSLA.US    Tesla, Inc.        score=0.69  trend=0.78 flow=0.54 event=0.78 quality=0.78  risk=low
      rationale: TSLA has re-accelerated on strong 20-day price performance and a clear short-ter
      risk:      The name remains highly volatile and headline-sensitive, so trend reversals can 
      action:    Track whether the move sustains on volume and whether price can hold above the l
  3. GOOGL.US   Alphabet Inc. Clas score=0.66  trend=0.74 flow=0.54 event=0.74 quality=0.74  risk=low
      rationale: GOOGL shows a constructive medium-term uptrend with solid 20-day and 60-day pric
      risk:      AI competition or ad-demand concerns could interrupt the current trend.
      action:    Follow for confirmation that the stock stays above its rising medium-term trend 
-- Fundamental -----------------------------
  1. JPM.US     JPMorgan Chase & C score=0.74  trend=0.87 flow=0.56 event=0.87 quality=0.87  risk=medium
      rationale: JPM combines strong profitability, low-teens earnings multiples, and resilient r
      risk:      A weaker macro backdrop or falling rates could pressure net interest income expe
      action:    Review the next quarterly update for credit quality, loan growth, and net intere
  2. GOOGL.US   Alphabet Inc. Clas score=0.74  trend=0.84 flow=0.55 event=0.84 quality=0.84  risk=low
      rationale: GOOGL pairs large-scale earnings generation with strong margins and a still-reas
      risk:      Antitrust pressure and heavier AI investment could compress margins or sentiment
      action:    Follow capital spending discipline, cloud profitability, and ad-growth durabilit
  3. UBER.US    Uber Technologies, score=0.65  trend=0.76 flow=0.54 event=0.76 quality=0.76  risk=medium
      rationale: UBER is showing improving profitability with positive net income and a scalable 
      risk:      Margin expansion could stall if incentives, regulation, or competition intensify
      action:    Check whether EBITDA and free-cash-flow conversion continue to improve over the 
-- Capital Flow ----------------------------
  1. NVDA.US    NVIDIA Corporation score=0.75  trend=0.86 flow=0.55 event=0.86 quality=0.86  risk=low
      rationale: NVDA continues to command exceptional trading turnover and institutional attenti
      risk:      Any disappointment around AI demand or supply-chain assumptions could trigger a 
      action:    Track turnover intensity around earnings and whether large-volume dips are being
  2. PLTR.US    Palantir Technolog score=0.66  trend=0.79 flow=0.54 event=0.79 quality=0.79  risk=high
      rationale: PLTR is sustaining unusually high dollar volume and persistent speculative-insti
      risk:      Its elevated valuation leaves the stock vulnerable to violent multiple compressi
      action:    Watch whether heavy turnover remains constructive or starts to accompany distrib
  3. AVGO.US    Broadcom Inc.      score=0.65  trend=0.73 flow=0.53 event=0.73 quality=0.73  risk=low
      rationale: AVGO remains a major AI-linked capital magnet with deep liquidity and consistent
      risk:      Crowded AI positioning raises the downside if growth expectations are reset lowe
      action:    Follow options-implied sentiment, turnover, and reaction to AI demand updates fr
-- Event Driven ----------------------------
  1. CRWD.US    CrowdStrike Holdin score=0.71  trend=0.81 flow=0.55 event=0.81 quality=0.81  risk=low
      rationale: CRWD has an active catalyst setup with fresh all-time-high headlines, analyst at
      risk:      Insider selling headlines or a crowded setup could weaken the event-driven upsid
      action:    Track follow-up analyst notes and whether the stock holds gains after the latest
  2. AVGO.US    Broadcom Inc.      score=0.68  trend=0.77 flow=0.54 event=0.77 quality=0.77  risk=low
      rationale: AVGO is tied to active event flow around AI partnerships and semiconductor ecosy
      risk:      Expectation risk is high because AI-related headlines are already heavily priced
      action:    Monitor whether partnership news translates into revenue guidance support rather
  3. TSLA.US    Tesla, Inc.        score=0.62  trend=0.72 flow=0.53 event=0.72 quality=0.72  risk=medium
      rationale: TSLA remains an event-driven name due to ongoing FSD, product, and global compet
      risk:      Execution gaps or regulatory setbacks could reverse headline-driven rallies just
      action:    Follow official product, autonomy, and regulatory updates for confirmation beyon
summary: dims=4 picks=12 knot=ok scoring=dynamic_hybrid_v3
[knot_4dim_us] wrote /projects/vnpy/log/2026052408/knot_4dim_us.json

2026-05-24 08:21:49,031 - knot_4dim - INFO - Knot研究结果: 3技术 + 3基本面 + 3资金流 + 3事件驱动
2026-05-24 08:21:49,031 - knot_4dim_main - INFO - === Knot四维研究召回完成 ===

✅ Knot四维研究召回完成！
📁 结果文件: /projects/vnpy/log/YYYYMMDDHH/knot_4dim_us.json
📋 日志文件: /projects/vnpy/log/knot_4dim_research.log

➡️ 下一步: 运行候选准备召回

2026-05-24 08:21:49,039 - ted_pipeline - INFO - 开始步骤: 候选准备召回
2026-05-24 08:21:49,039 - ted_pipeline - INFO - 执行命令: python3 /projects/vnpy/phase2/ted/run_candidate_preparation.py
2026-05-24 08:26:11,394 - ted_pipeline - INFO - 步骤完成: 候选准备召回
2026-05-24 08:26:11,394 - ted_pipeline - INFO - 2026-05-24 08:21:49,061 - candidate_prep_main - INFO - === 候选准备召回启动 ===

🎯 开始候选准备召回 (方案C第二步)
📊 策略: knot_first + momentum_cta
🎯 目标: 结合Knot种子和市场数据生成动态候选
2026-05-24 08:21:49,062 - candidate_prep - INFO - 发现Knot四维研究结果: 2026052408, 总候选数: 12
📋 检测到Knot四维研究结果，将作为种子使用
2026-05-24 08:21:49,062 - candidate_prep - INFO - 开始动态候选准备...
2026-05-24 08:21:49,062 - candidate_prep - INFO - 执行命令: python3 /projects/vnpy/scripts/quant_workflow/run_prepare_candidate_inputs.py --market us --strategy knot_first --top-n 24 --knot-target-count 36 --universe-preset momentum_cta --include-market-data
2026-05-24 08:26:11,386 - candidate_prep - INFO - 动态候选准备完成
2026-05-24 08:26:11,386 - candidate_prep - INFO - 输出: 2026-05-24 08:24:17,024 | 249702 | 140439396104000 | [open_context_base.py:410] _init_connect_sync: New connect ready: conn=7464108978964503800(1) context=<futu.quote.open_quote_context.OpenQuoteContext object at 0x7fba1a574410>
2026-05-24 08:24:17,129 | 249702 | 140437273593536 | [open_context_base.py:518] on_disconnect: Disconnected: conn=0(1) reason=CallClose
/projects/vnpy/state/runs/candidate_inputs.prepare.report.json
{
  "schema_version": "candidate_prepare_report_v3",
  "generated_at": "2026-05-24T08:21:49.512747+08:00",
  "as_of_date": "2026-05-24",
  "report_path": "/projects/vnpy/state/runs/candidate_inputs.prepare.report.json",
  "per_market_report_paths": {
    "us": "/projects/vnpy/state/runs/candidate_inputs.prepare.report.us.json"
  },
  "per_market_dynamic_paths": {
    "us": "/projects/vnpy/state/runs/candidate_inputs.dynamic.us.json"
  },
  "mode": "dynamic_market_scoped",
  "strategy_requested": "knot_first",
  "target_markets": [
    "us"
  ],
  "dynamic_path": "/projects/vnpy/state/runs/candidate_inputs.dynamic.json",
  "dry_run": false,
  "written": true,
  "market_runs": [
    {
      "market": "us",
      "strategy_requested": "knot_first",
      "strategy_used": "knot_first",
      "knot_status": "ok",
      "knot_seed_count": 14,
      "universe_size": 0,
      "universe_preset": "momentum_cta",
      "scored_count": 14,
      "kept_count": 14,
      "source_files": [
        "/projects/vnpy/state/runs/candidate_inputs.dynamic.us.seed.json"
      ],
      "warnings": [],
      "written": true,
      "output_path": "/projects/vnpy/state/runs/candidate_inputs.dynamic.us.json",
      "top_symbols": [
        {
          "symbol": "DELL.US",
          "raw_score": 0.8369
        },
        {
          "symbol": "WDAY.US",
          "raw_score": 0.7825
        },
        {
          "symbol": "AMD.US",
          "raw_score": 0.7813
        },
        {
          "symbol": "ZM.US",
          "raw_score": 0.7689
        },
        {
          "symbol": "ARM.US",
          "raw_score": 0.7309
        },
        {
          "symbol": "NVDA.US",
          "raw_score": 0.7269
        },
        {
          "symbol": "ALAB.US",
          "raw_score": 0.7181
        },
        {
          "symbol": "IONQ.US",
          "raw_score": 0.7111
        },
        {
          "symbol": "MU.US",
          "raw_score": 0.6819
        },
        {
          "symbol": "IBM.US",
          "raw_score": 0.6675
        }
      ]
    }
  ],
  "summary": {
    "total_items": 14,
    "market_counts": {
      "us": 14
    },
    "include_market_data": true,
    "knot_runtime": "auto",
    "warnings": []
  }
}

2026-05-24 08:26:11,387 - candidate_prep - INFO - 候选准备报告状态: N/A
2026-05-24 08:26:11,388 - candidate_prep - INFO - 动态候选数: 14
2026-05-24 08:26:11,388 - candidate_prep_main - INFO - === 候选准备召回完成 ===

✅ 候选准备召回完成！
📁 报告文件: /projects/vnpy/state/runs/candidate_inputs.prepare.report.us.json
📁 候选文件: /projects/vnpy/state/runs/candidate_inputs.dynamic.us.json
📋 日志文件: /projects/vnpy/log/candidate_preparation.log

➡️ 下一步: 运行TED进攻型标池发现

2026-05-24 08:26:11,394 - ted_pipeline - INFO - 开始TED进攻型标池发现...
2026-05-24 08:26:11,397 - phase2.ted.trend_explosion_discovery - INFO - 开始进攻型标池发现流程...
2026-05-24 08:26:11,398 - phase2.ted.trend_explosion_discovery - INFO - 加载Knot四维结果: 4个维度
2026-05-24 08:26:11,400 - phase2.ted.trend_explosion_discovery - INFO - 加载动态候选: 14个标的
2026-05-24 08:26:11,400 - phase2.ted.trend_explosion_discovery - INFO - 筛选进攻型候选: 8个标的
2026-05-24 08:26:11,400 - phase2.ted.trend_explosion_discovery - INFO - 进攻型标池发现完成
2026-05-24 08:26:11,400 - ted_pipeline - INFO - TED发现完成，报告保存至: /projects/vnpy/state/runs/ted_aggressive_pool_report.json
2026-05-24 08:26:11,400 - ted_pipeline_main - INFO - === TED完整流水线完成 ===
2026-05-24 09:42:12,975 - ted_pipeline_main - INFO - === TED完整流水线启动 ===
2026-05-24 09:42:12,975 - ted_pipeline - INFO - 开始步骤: Knot四维研究召回
2026-05-24 09:42:12,975 - ted_pipeline - INFO - 执行命令: python3 /projects/vnpy/phase2/ted/run_knot_4dim_research.py --run-dir /projects/vnpy/state/runs/ted/20260524T094212
