2026-05-08 10:26:49,374 | 28828 | 41848 | [open_context_base.py:435] _connect_sync: Connect fail: conn=0(1); msg=WSAECONNREFUSED; context=<futu.trade.open_trade_context.OpenSecTradeContext object at 0x00000179E9B09790>
2026-05-08 10:26:57,423 | 28828 | 41848 | [open_context_base.py:435] _connect_sync: Connect fail: conn=0(2); msg=WSAECONNREFUSED; context=<futu.trade.open_trade_context.OpenSecTradeContext object at 0x00000179E9B09790>
2026-05-08 10:27:05,474 | 28828 | 41848 | [open_context_base.py:435] _connect_sync: Connect fail: conn=0(3); msg=WSAECONNREFUSED; context=<futu.trade.open_trade_context.OpenSecTradeContext object at 0x00000179E9B09790>
2026-05-08 10:27:13,517 | 28828 | 41848 | [open_context_base.py:435] _connect_sync: Connect fail: conn=0(4); msg=WSAECONNREFUSED; context=<futu.trade.open_trade_context.OpenSecTradeContext object at 0x00000179E9B09790>
2026-05-08 10:27:21,561 | 28828 | 41848 | [open_context_base.py:435] _connect_sync: Connect fail: conn=0(5); msg=WSAECONNREFUSED; context=<futu.trade.open_trade_context.OpenSecTradeContext object at 0x00000179E9B09790>
2026-05-08 10:27:29,610 | 28828 | 41848 | [open_context_base.py:435] _connect_sync: Connect fail: conn=0(6); msg=WSAECONNREFUSED; context=<futu.trade.open_trade_context.OpenSecTradeContext object at 0x00000179E9B09790>
2026-05-08 10:27:37,665 | 28828 | 41848 | [open_context_base.py:435] _connect_sync: Connect fail: conn=0(7); msg=WSAECONNREFUSED; context=<futu.trade.open_trade_context.OpenSecTradeContext object at 0x00000179E9B09790>
2026-05-08 10:27:45,702 | 28828 | 41848 | [open_context_base.py:435] _connect_sync: Connect fail: conn=0(8); msg=WSAECONNREFUSED; context=<futu.trade.open_trade_context.OpenSecTradeContext object at 0x00000179E9B09790>
2026-05-08 10:27:53,761 | 28828 | 41848 | [open_context_base.py:435] _connect_sync: Connect fail: conn=0(9); msg=WSAECONNREFUSED; context=<futu.trade.open_trade_context.OpenSecTradeContext object at 0x00000179E9B09790>
2026-05-08 10:28:01,817 | 28828 | 41848 | [open_context_base.py:435] _connect_sync: Connect fail: conn=0(10); msg=WSAECONNREFUSED; context=<futu.trade.open_trade_context.OpenSecTradeContext object at 0x00000179E9B09790>
2026-05-08 10:28:09,883 | 28828 | 41848 | [open_context_base.py:435] _connect_sync: Connect fail: conn=0(11); msg=WSAECONNREFUSED; context=<futu.trade.open_trade_context.OpenSecTradeContext object at 0x00000179E9B09790>
2026-05-08 10:28:17,945 | 28828 | 41848 | [open_context_base.py:435] _connect_sync: Connect fail: conn=0(12); msg=WSAECONNREFUSED; context=<futu.trade.open_trade_context.OpenSecTradeContext object at 0x00000179E9B09790>
2026-05-08 10:28:26,009 | 28828 | 41848 | [open_context_base.py:435] _connect_sync: Connect fail: conn=0(13); msg=WSAECONNREFUSED; context=<futu.trade.open_trade_context.OpenSecTradeContext object at 0x00000179E9B09790>
2026-05-08 10:28:34,053 | 28828 | 41848 | [open_context_base.py:435] _connect_sync: Connect fail: conn=0(14); msg=WSAECONNREFUSED; context=<futu.trade.open_trade_context.OpenSecTradeContext object at 0x00000179E9B09790>
2026-05-08 10:28:42,105 | 28828 | 41848 | [open_context_base.py:435] _connect_sync: Connect fail: conn=0(15); msg=WSAECONNREFUSED; context=<futu.trade.open_trade_context.OpenSecTradeContext object at 0x00000179E9B09790>
2026-05-08 10:28:50,141 | 28828 | 41848 | [open_context_base.py:435] _connect_sync: Connect fail: conn=0(16); msg=WSAECONNREFUSED; context=<futu.trade.open_trade_context.OpenSecTradeContext object at 0x00000179E9B09790>
2026-05-08 10:28:58,194 | 28828 | 41848 | [open_context_base.py:435] _connect_sync: Connect fail: conn=0(17); msg=WSAECONNREFUSED; context=<futu.trade.open_trade_context.OpenSecTradeContext object at 0x00000179E9B09790>
2026-05-08 10:29:06,252 | 28828 | 41848 | [open_context_base.py:435] _connect_sync: Connect fail: conn=0(18); msg=WSAECONNREFUSED; context=<futu.trade.open_trade_context.OpenSecTradeContext object at 0x00000179E9B09790>
2026-05-08 10:29:14,292 | 28828 | 41848 | [open_context_base.py:435] _connect_sync: Connect fail: conn=0(19); msg=WSAECONNREFUSED; context=<futu.trade.open_trade_context.OpenSecTradeContext object at 0x00000179E9B09790>
2026-05-08 10:29:22,330 | 28828 | 41848 | [open_context_base.py:435] _connect_sync: Connect fail: conn=0(20); msg=WSAECONNREFUSED; context=<futu.trade.open_trade_context.OpenSecTradeContext object at 0x00000179E9B09790>
2026-05-08 10:29:30,389 | 28828 | 41848 | [open_context_base.py:435] _connect_sync: Connect fail: conn=0(21); msg=WSAECONNREFUSED; context=<futu.trade.open_trade_context.OpenSecTradeContext object at 0x00000179E9B09790>
2026-05-08 10:29:38,465 | 28828 | 41848 | [open_context_base.py:435] _connect_sync: Connect fail: conn=0(22); msg=WSAECONNREFUSED; context=<futu.trade.open_trade_context.OpenSecTradeContext object at 0x00000179E9B09790>
2026-05-08 10:29:46,513 | 28828 | 41848 | [open_context_base.py:435] _connect_sync: Connect fail: conn=0(23); msg=WSAECONNREFUSED; context=<futu.trade.open_trade_context.OpenSecTradeContext object at 0x00000179E9B09790>
2026-05-08 10:29:54,569 | 28828 | 41848 | [open_context_base.py:435] _connect_sync: Connect fail: conn=0(24); msg=WSAECONNREFUSED; context=<futu.trade.open_trade_context.OpenSecTradeContext object at 0x00000179E9B09790>
2026-05-08 10:30:02,609 | 28828 | 41848 | [open_context_base.py:435] _connect_sync: Connect fail: conn=0(25); msg=WSAECONNREFUSED; context=<futu.trade.open_trade_context.OpenSecTradeContext object at 0x00000179E9B09790>
2026-05-08 10:30:10,660 | 28828 | 41848 | [open_context_base.py:435] _connect_sync: Connect fail: conn=0(26); msg=WSAECONNREFUSED; context=<futu.trade.open_trade_context.OpenSecTradeContext object at 0x00000179E9B09790>
2026-05-08 10:30:18,726 | 28828 | 41848 | [open_context_base.py:435] _connect_sync: Connect fail: conn=0(27); msg=WSAECONNREFUSED; context=<futu.trade.open_trade_context.OpenSecTradeContext object at 0x00000179E9B09790>
2026-05-08 10:30:26,802 | 28828 | 41848 | [open_context_base.py:435] _connect_sync: Connect fail: conn=0(28); msg=WSAECONNREFUSED; context=<futu.trade.open_trade_context.OpenSecTradeContext object at 0x00000179E9B09790>
2026-05-08 10:30:34,860 | 28828 | 41848 | [open_context_base.py:435] _connect_sync: Connect fail: conn=0(29); msg=WSAECONNREFUSED; context=<futu.trade.open_trade_context.OpenSecTradeContext object at 0x00000179E9B09790>
2026-05-08 10:30:42,914 | 28828 | 41848 | [open_context_base.py:435] _connect_sync: Connect fail: conn=0(30); msg=WSAECONNREFUSED; context=<futu.trade.open_trade_context.OpenSecTradeContext object at 0x00000179E9B09790>
2026-05-08 10:30:50,968 | 28828 | 41848 | [open_context_base.py:435] _connect_sync: Connect fail: conn=0(31); msg=WSAECONNREFUSED; context=<futu.trade.open_trade_context.OpenSecTradeContext object at 0x00000179E9B09790>
2026-05-08 10:30:59,031 | 28828 | 41848 | [open_context_base.py:435] _connect_sync: Connect fail: conn=0(32); msg=WSAECONNREFUSED; context=<futu.trade.open_trade_context.OpenSecTradeContext object at 0x00000179E9B09790>
2026-05-08 10:31:07,084 | 28828 | 41848 | [open_context_base.py:435] _connect_sync: Connect fail: conn=0(33); msg=WSAECONNREFUSED; context=<futu.trade.open_trade_context.OpenSecTradeContext object at 0x00000179E9B09790>
2026-05-08 10:31:15,145 | 28828 | 41848 | [open_context_base.py:435] _connect_sync: Connect fail: conn=0(34); msg=WSAECONNREFUSED; context=<futu.trade.open_trade_context.OpenSecTradeContext object at 0x00000179E9B09790>
2026-05-08 10:31:23,166 | 28828 | 41848 | [open_context_base.py:435] _connect_sync: Connect fail: conn=0(35); msg=WSAECONNREFUSED; context=<futu.trade.open_trade_context.OpenSecTradeContext object at 0x00000179E9B09790>
2026-05-08 10:31:31,213 | 28828 | 41848 | [open_context_base.py:435] _connect_sync: Connect fail: conn=0(36); msg=WSAECONNREFUSED; context=<futu.trade.open_trade_context.OpenSecTradeContext object at 0x00000179E9B09790>
2026-05-08 10:31:39,269 | 28828 | 41848 | [open_context_base.py:435] _connect_sync: Connect fail: conn=0(37); msg=WSAECONNREFUSED; context=<futu.trade.open_trade_context.OpenSecTradeContext object at 0x00000179E9B09790>
2026-05-08 10:31:47,350 | 28828 | 41848 | [open_context_base.py:435] _connect_sync: Connect fail: conn=0(38); msg=WSAECONNREFUSED; context=<futu.trade.open_trade_context.OpenSecTradeContext object at 0x00000179E9B09790>
2026-05-08 10:31:55,392 | 28828 | 41848 | [open_context_base.py:435] _connect_sync: Connect fail: conn=0(39); msg=WSAECONNREFUSED; context=<futu.trade.open_trade_context.OpenSecTradeContext object at 0x00000179E9B09790>
2026-05-08 10:32:03,421 | 28828 | 41848 | [open_context_base.py:435] _connect_sync: Connect fail: conn=0(40); msg=WSAECONNREFUSED; context=<futu.trade.open_trade_context.OpenSecTradeContext object at 0x00000179E9B09790>
2026-05-08 10:32:11,464 | 28828 | 41848 | [open_context_base.py:435] _connect_sync: Connect fail: conn=0(41); msg=WSAECONNREFUSED; context=<futu.trade.open_trade_context.OpenSecTradeContext object at 0x00000179E9B09790>
2026-05-08 10:32:19,511 | 28828 | 41848 | [open_context_base.py:435] _connect_sync: Connect fail: conn=0(42); msg=WSAECONNREFUSED; context=<futu.trade.open_trade_context.OpenSecTradeContext object at 0x00000179E9B09790>
2026-05-08 10:32:27,566 | 28828 | 41848 | [open_context_base.py:435] _connect_sync: Connect fail: conn=0(43); msg=WSAECONNREFUSED; context=<futu.trade.open_trade_context.OpenSecTradeContext object at 0x00000179E9B09790>
2026-05-08 10:32:35,621 | 28828 | 41848 | [open_context_base.py:435] _connect_sync: Connect fail: conn=0(44); msg=WSAECONNREFUSED; context=<futu.trade.open_trade_context.OpenSecTradeContext object at 0x00000179E9B09790>
2026-05-08 10:32:43,669 | 28828 | 41848 | [open_context_base.py:435] _connect_sync: Connect fail: conn=0(45); msg=WSAECONNREFUSED; context=<futu.trade.open_trade_context.OpenSecTradeContext object at 0x00000179E9B09790>
2026-05-08 10:32:51,718 | 28828 | 41848 | [open_context_base.py:435] _connect_sync: Connect fail: conn=0(46); msg=WSAECONNREFUSED; context=<futu.trade.open_trade_context.OpenSecTradeContext object at 0x00000179E9B09790>
2026-05-08 10:32:59,752 | 28828 | 41848 | [open_context_base.py:435] _connect_sync: Connect fail: conn=0(47); msg=WSAECONNREFUSED; context=<futu.trade.open_trade_context.OpenSecTradeContext object at 0x00000179E9B09790>
2026-05-08 10:33:07,798 | 28828 | 41848 | [open_context_base.py:435] _connect_sync: Connect fail: conn=0(48); msg=WSAECONNREFUSED; context=<futu.trade.open_trade_context.OpenSecTradeContext object at 0x00000179E9B09790>
2026-05-08 10:33:15,842 | 28828 | 41848 | [open_context_base.py:435] _connect_sync: Connect fail: conn=0(49); msg=WSAECONNREFUSED; context=<futu.trade.open_trade_context.OpenSecTradeContext object at 0x00000179E9B09790>
2026-05-08 10:33:23,878 | 28828 | 41848 | [open_context_base.py:435] _connect_sync: Connect fail: conn=0(50); msg=WSAECONNREFUSED; context=<futu.trade.open_trade_context.OpenSecTradeContext object at 0x00000179E9B09790>
2026-05-08 10:33:31,928 | 28828 | 41848 | [open_context_base.py:435] _connect_sync: Connect fail: conn=0(51); msg=WSAECONNREFUSED; context=<futu.trade.open_trade_context.OpenSecTradeContext object at 0x00000179E9B09790>
2026-05-08 10:33:40,000 | 28828 | 41848 | [open_context_base.py:435] _connect_sync: Connect fail: conn=0(52); msg=WSAECONNREFUSED; context=<futu.trade.open_trade_context.OpenSecTradeContext object at 0x00000179E9B09790>
2026-05-08 10:33:48,033 | 28828 | 41848 | [open_context_base.py:435] _connect_sync: Connect fail: conn=0(53); msg=WSAECONNREFUSED; context=<futu.trade.open_trade_context.OpenSecTradeContext object at 0x00000179E9B09790>
2026-05-08 10:33:56,077 | 28828 | 41848 | [open_context_base.py:435] _connect_sync: Connect fail: conn=0(54); msg=WSAECONNREFUSED; context=<futu.trade.open_trade_context.OpenSecTradeContext object at 0x00000179E9B09790>
2026-05-08 10:34:04,122 | 28828 | 41848 | [open_context_base.py:435] _connect_sync: Connect fail: conn=0(55); msg=WSAECONNREFUSED; context=<futu.trade.open_trade_context.OpenSecTradeContext object at 0x00000179E9B09790>
2026-05-08 10:34:12,168 | 28828 | 41848 | [open_context_base.py:435] _connect_sync: Connect fail: conn=0(56); msg=WSAECONNREFUSED; context=<futu.trade.open_trade_context.OpenSecTradeContext object at 0x00000179E9B09790>
2026-05-08 10:34:20,228 | 28828 | 41848 | [open_context_base.py:435] _connect_sync: Connect fail: conn=0(57); msg=WSAECONNREFUSED; context=<futu.trade.open_trade_context.OpenSecTradeContext object at 0x00000179E9B09790>
2026-05-08 10:34:28,286 | 28828 | 41848 | [open_context_base.py:435] _connect_sync: Connect fail: conn=0(58); msg=WSAECONNREFUSED; context=<futu.trade.open_trade_context.OpenSecTradeContext object at 0x00000179E9B09790>
2026-05-08 10:34:36,335 | 28828 | 41848 | [open_context_base.py:435] _connect_sync: Connect fail: conn=0(59); msg=WSAECONNREFUSED; context=<futu.trade.open_trade_context.OpenSecTradeContext object at 0x00000179E9B09790>
2026-05-08 10:34:44,376 | 28828 | 41848 | [open_context_base.py:435] _connect_sync: Connect fail: conn=0(60); msg=WSAECONNREFUSED; context=<futu.trade.open_trade_context.OpenSecTradeContext object at 0x00000179E9B09790>
2026-05-08 10:34:52,439 | 28828 | 41848 | [open_context_base.py:435] _connect_sync: Connect fail: conn=0(61); msg=WSAECONNREFUSED; context=<futu.trade.open_trade_context.OpenSecTradeContext object at 0x00000179E9B09790>
2026-05-08 10:35:00,485 | 28828 | 41848 | [open_context_base.py:435] _connect_sync: Connect fail: conn=0(62); msg=WSAECONNREFUSED; context=<futu.trade.open_trade_context.OpenSecTradeContext object at 0x00000179E9B09790>
2026-05-08 10:35:08,535 | 28828 | 41848 | [open_context_base.py:435] _connect_sync: Connect fail: conn=0(63); msg=WSAECONNREFUSED; context=<futu.trade.open_trade_context.OpenSecTradeContext object at 0x00000179E9B09790>
2026-05-08 10:35:16,589 | 28828 | 41848 | [open_context_base.py:435] _connect_sync: Connect fail: conn=0(64); msg=WSAECONNREFUSED; context=<futu.trade.open_trade_context.OpenSecTradeContext object at 0x00000179E9B09790>
2026-05-08 10:35:22,594 | 28828 | 41848 | [open_context_base.py:410] _init_connect_sync: New connect ready: conn=7458343763698678367(65) context=<futu.trade.open_trade_context.OpenSecTradeContext object at 0x00000179E9B09790>
2026-05-08 10:35:22,608 | 28828 | 30616 | [open_context_base.py:518] on_disconnect: Disconnected: conn=0(65) reason=CallClose
2026-05-08 10:35:22,610 | 28828 | 41848 | [open_context_base.py:410] _init_connect_sync: New connect ready: conn=7458343763772023166(66) context=<futu.quote.open_quote_context.OpenQuoteContext object at 0x00000179E7D7F5F0>
2026-05-08 10:35:22,692 | 28828 | 30616 | [open_context_base.py:518] on_disconnect: Disconnected: conn=0(66) reason=CallClose
2026-05-08 10:35:22,719 | 28828 | 41848 | [open_context_base.py:410] _init_connect_sync: New connect ready: conn=7458343764229283389(67) context=<futu.trade.open_trade_context.OpenSecTradeContext object at 0x00000179E9C12510>
2026-05-08 10:35:22,967 | 28828 | 30616 | [open_context_base.py:518] on_disconnect: Disconnected: conn=0(67) reason=CallClose
2026-05-08 10:35:22,969 | 28828 | 41848 | [open_context_base.py:410] _init_connect_sync: New connect ready: conn=7458343765283563202(68) context=<futu.trade.open_trade_context.OpenSecTradeContext object at 0x00000179E954BBC0>
2026-05-08 10:35:22,978 | 28828 | 30616 | [open_context_base.py:518] on_disconnect: Disconnected: conn=0(68) reason=CallClose
2026-05-08 10:35:22,980 | 28828 | 41848 | [open_context_base.py:410] _init_connect_sync: New connect ready: conn=7458343765326544194(69) context=<futu.quote.open_quote_context.OpenQuoteContext object at 0x00000179E9C13A40>
2026-05-08 10:35:23,060 | 28828 | 30616 | [open_context_base.py:518] on_disconnect: Disconnected: conn=0(69) reason=CallClose
2026-05-08 10:35:23,061 | 28828 | 41848 | [open_context_base.py:410] _init_connect_sync: New connect ready: conn=7458343765669653555(70) context=<futu.quote.open_quote_context.OpenQuoteContext object at 0x00000179E7CACA10>
2026-05-08 10:35:23,109 | 28828 | 30616 | [open_context_base.py:518] on_disconnect: Disconnected: conn=0(70) reason=CallClose
2026-05-08 10:40:23,115 | 28828 | 41848 | [open_context_base.py:410] _init_connect_sync: New connect ready: conn=7458345024179834269(71) context=<futu.trade.open_trade_context.OpenSecTradeContext object at 0x00000179E9C27080>
2026-05-08 10:40:23,386 | 28828 | 30616 | [open_context_base.py:518] on_disconnect: Disconnected: conn=0(71) reason=CallClose
2026-05-08 10:40:23,398 | 28828 | 41848 | [open_context_base.py:410] _init_connect_sync: New connect ready: conn=7458345025369296030(72) context=<futu.trade.open_trade_context.OpenSecTradeContext object at 0x00000179E913B170>
2026-05-08 10:40:23,404 | 28828 | 30616 | [open_context_base.py:518] on_disconnect: Disconnected: conn=0(72) reason=CallClose
2026-05-08 10:40:23,404 | 28828 | 41848 | [open_context_base.py:410] _init_connect_sync: New connect ready: conn=7458345025396021913(73) context=<futu.quote.open_quote_context.OpenQuoteContext object at 0x00000179E9C43B90>
2026-05-08 10:40:23,481 | 28828 | 30616 | [open_context_base.py:518] on_disconnect: Disconnected: conn=0(73) reason=CallClose
2026-05-08 10:40:23,483 | 28828 | 41848 | [open_context_base.py:410] _init_connect_sync: New connect ready: conn=7458345025727641272(74) context=<futu.quote.open_quote_context.OpenQuoteContext object at 0x00000179E778B1D0>
2026-05-08 10:40:23,561 | 28828 | 30616 | [open_context_base.py:518] on_disconnect: Disconnected: conn=0(74) reason=CallClose
