启动 US 独立观察池交易器，trade=True symbols=['SOXL.SMART', 'MPWR.SMART', 'AMD.SMART', 'NVDA.SMART', 'GOOGL.SMART', 'MSFT.SMART', 'INTC.SMART']
2026-05-07 00:18:47.821 | INFO | MainEngine | 连接登录 -> FUTU
LOG MainEngine: 连接登录 -> FUTU
2026-05-07 00:18:47,868 | 58757 | 8308150080 | [open_context_base.py:410] _init_connect_sync: New connect ready: conn=7457826208713314524(1) context=<futu.quote.open_quote_context.OpenQuoteContext object at 0x10a5d7e00>
2026-05-07 00:18:47.868 | INFO | FUTU | 行情接口连接成功
LOG FUTU: 行情接口连接成功
2026-05-07 00:18:47,886 | 58757 | 8308150080 | [open_context_base.py:410] _init_connect_sync: New connect ready: conn=7457826208787851036(2) context=<futu.trade.open_trade_context.OpenSecTradeContext object at 0x10b979400>
2026-05-07 00:18:47.889 | INFO | FUTU | 交易接口连接成功
LOG FUTU: 交易接口连接成功
2026-05-07 00:18:52.286 | INFO | FUTU | 合约信息查询成功
LOG FUTU: 合约信息查询成功
2026-05-07 00:18:55.895 | INFO | MainEngine | 订阅行情 -> FUTU：SubscribeRequest(symbol='SOXL', exchange=<Exchange.SMART: 'SMART'>)
LOG MainEngine: 订阅行情 -> FUTU：SubscribeRequest(symbol='SOXL', exchange=<Exchange.SMART: 'SMART'>)
2026-05-07 00:18:55.943 | INFO | FUTU | 订阅行情成功：SOXL.SMART
LOG FUTU: 订阅行情成功：SOXL.SMART
2026-05-07 00:18:55.943 | INFO | MainEngine | 订阅行情 -> FUTU：SubscribeRequest(symbol='MPWR', exchange=<Exchange.SMART: 'SMART'>)
LOG MainEngine: 订阅行情 -> FUTU：SubscribeRequest(symbol='MPWR', exchange=<Exchange.SMART: 'SMART'>)
2026-05-07 00:18:55.991 | INFO | FUTU | 订阅行情成功：MPWR.SMART
LOG FUTU: 订阅行情成功：MPWR.SMART
2026-05-07 00:18:55.991 | INFO | MainEngine | 订阅行情 -> FUTU：SubscribeRequest(symbol='AMD', exchange=<Exchange.SMART: 'SMART'>)
LOG MainEngine: 订阅行情 -> FUTU：SubscribeRequest(symbol='AMD', exchange=<Exchange.SMART: 'SMART'>)
2026-05-07 00:18:56.038 | INFO | FUTU | 订阅行情成功：AMD.SMART
LOG FUTU: 订阅行情成功：AMD.SMART
2026-05-07 00:18:56.038 | INFO | MainEngine | 订阅行情 -> FUTU：SubscribeRequest(symbol='NVDA', exchange=<Exchange.SMART: 'SMART'>)
LOG MainEngine: 订阅行情 -> FUTU：SubscribeRequest(symbol='NVDA', exchange=<Exchange.SMART: 'SMART'>)
2026-05-07 00:18:56.085 | INFO | FUTU | 订阅行情成功：NVDA.SMART
LOG FUTU: 订阅行情成功：NVDA.SMART
2026-05-07 00:18:56.085 | INFO | MainEngine | 订阅行情 -> FUTU：SubscribeRequest(symbol='GOOGL', exchange=<Exchange.SMART: 'SMART'>)
LOG MainEngine: 订阅行情 -> FUTU：SubscribeRequest(symbol='GOOGL', exchange=<Exchange.SMART: 'SMART'>)
2026-05-07 00:18:56.133 | INFO | FUTU | 订阅行情成功：GOOGL.SMART
LOG FUTU: 订阅行情成功：GOOGL.SMART
2026-05-07 00:18:56.134 | INFO | MainEngine | 订阅行情 -> FUTU：SubscribeRequest(symbol='MSFT', exchange=<Exchange.SMART: 'SMART'>)
LOG MainEngine: 订阅行情 -> FUTU：SubscribeRequest(symbol='MSFT', exchange=<Exchange.SMART: 'SMART'>)
2026-05-07 00:18:56.181 | INFO | FUTU | 订阅行情成功：MSFT.SMART
LOG FUTU: 订阅行情成功：MSFT.SMART
2026-05-07 00:18:56.182 | INFO | MainEngine | 订阅行情 -> FUTU：SubscribeRequest(symbol='INTC', exchange=<Exchange.SMART: 'SMART'>)
LOG MainEngine: 订阅行情 -> FUTU：SubscribeRequest(symbol='INTC', exchange=<Exchange.SMART: 'SMART'>)
2026-05-07 00:18:56.229 | INFO | FUTU | 订阅行情成功：INTC.SMART
LOG FUTU: 订阅行情成功：INTC.SMART
INITIAL_RISK_CHECK {'budget_base': 500.0, 'max_total_budget': 500.0, 'used_budget': 103027.25, 'remaining_budget': 0, 'daily_loss_with_fees': 11.0, 'daily_loss_limit': 50.0, 'order_count': 11, 'max_trades': 10, 'budget_ok': False, 'loss_ok': True, 'trade_count_ok': False}
RISK_CHECK {'budget_base': 500.0, 'max_total_budget': 500.0, 'used_budget': 103027.25, 'remaining_budget': 0, 'daily_loss_with_fees': 11.0, 'daily_loss_limit': 50.0, 'order_count': 11, 'max_trades': 10, 'budget_ok': False, 'loss_ok': True, 'trade_count_ok': False}
SIGNAL SOXL.SMART price=160.620 pos=0 target=0 diff=0 reason=trend_entry
SIGNAL MPWR.SMART price=1648.690 pos=0 target=0 diff=0 reason=trend_entry
SIGNAL AMD.SMART price=413.200 pos=0 target=0 diff=0 reason=trend_entry
SIGNAL NVDA.SMART price=205.380 pos=0 target=0 diff=0 reason=trend_entry
SIGNAL GOOGL.SMART price=399.480 pos=0 target=0 diff=0 reason=trend_entry
SIGNAL MSFT.SMART price=414.750 pos=0 target=0 diff=0 reason=trend_entry
SIGNAL INTC.SMART price=111.310 pos=0 target=0 diff=0 reason=trend_entry
