启动 US 独立观察池交易器，trade=True symbols=['SOXL.SMART', 'MPWR.SMART', 'AMD.SMART', 'NVDA.SMART', 'GOOGL.SMART', 'MSFT.SMART', 'INTC.SMART']
2026-05-07 00:33:52.435 | INFO | MainEngine | 连接登录 -> FUTU
LOG MainEngine: 连接登录 -> FUTU
2026-05-07 00:33:52,470 | 68012 | 8308150080 | [open_context_base.py:410] _init_connect_sync: New connect ready: conn=7457830002890470585(1) context=<futu.quote.open_quote_context.OpenQuoteContext object at 0x108478050>
2026-05-07 00:33:52.470 | INFO | FUTU | 行情接口连接成功
LOG FUTU: 行情接口连接成功
2026-05-07 00:33:52,486 | 68012 | 8308150080 | [open_context_base.py:410] _init_connect_sync: New connect ready: conn=7457830002954150218(2) context=<futu.trade.open_trade_context.OpenSecTradeContext object at 0x108479550>
2026-05-07 00:33:52.489 | INFO | FUTU | 交易接口连接成功
LOG FUTU: 交易接口连接成功
2026-05-07 00:33:56.937 | INFO | FUTU | 合约信息查询成功
LOG FUTU: 合约信息查询成功
2026-05-07 00:34:00.493 | INFO | MainEngine | 订阅行情 -> FUTU：SubscribeRequest(symbol='SOXL', exchange=<Exchange.SMART: 'SMART'>)
LOG MainEngine: 订阅行情 -> FUTU：SubscribeRequest(symbol='SOXL', exchange=<Exchange.SMART: 'SMART'>)
2026-05-07 00:34:00.543 | INFO | FUTU | 订阅行情成功：SOXL.SMART
LOG FUTU: 订阅行情成功：SOXL.SMART
2026-05-07 00:34:00.543 | INFO | MainEngine | 订阅行情 -> FUTU：SubscribeRequest(symbol='MPWR', exchange=<Exchange.SMART: 'SMART'>)
LOG MainEngine: 订阅行情 -> FUTU：SubscribeRequest(symbol='MPWR', exchange=<Exchange.SMART: 'SMART'>)
2026-05-07 00:34:00.593 | INFO | FUTU | 订阅行情成功：MPWR.SMART
LOG FUTU: 订阅行情成功：MPWR.SMART
2026-05-07 00:34:00.593 | INFO | MainEngine | 订阅行情 -> FUTU：SubscribeRequest(symbol='AMD', exchange=<Exchange.SMART: 'SMART'>)
LOG MainEngine: 订阅行情 -> FUTU：SubscribeRequest(symbol='AMD', exchange=<Exchange.SMART: 'SMART'>)
2026-05-07 00:34:00.641 | INFO | FUTU | 订阅行情成功：AMD.SMART
LOG FUTU: 订阅行情成功：AMD.SMART
2026-05-07 00:34:00.641 | INFO | MainEngine | 订阅行情 -> FUTU：SubscribeRequest(symbol='NVDA', exchange=<Exchange.SMART: 'SMART'>)
LOG MainEngine: 订阅行情 -> FUTU：SubscribeRequest(symbol='NVDA', exchange=<Exchange.SMART: 'SMART'>)
2026-05-07 00:34:00.689 | INFO | FUTU | 订阅行情成功：NVDA.SMART
LOG FUTU: 订阅行情成功：NVDA.SMART
2026-05-07 00:34:00.689 | INFO | MainEngine | 订阅行情 -> FUTU：SubscribeRequest(symbol='GOOGL', exchange=<Exchange.SMART: 'SMART'>)
LOG MainEngine: 订阅行情 -> FUTU：SubscribeRequest(symbol='GOOGL', exchange=<Exchange.SMART: 'SMART'>)
2026-05-07 00:34:00.737 | INFO | FUTU | 订阅行情成功：GOOGL.SMART
LOG FUTU: 订阅行情成功：GOOGL.SMART
2026-05-07 00:34:00.737 | INFO | MainEngine | 订阅行情 -> FUTU：SubscribeRequest(symbol='MSFT', exchange=<Exchange.SMART: 'SMART'>)
LOG MainEngine: 订阅行情 -> FUTU：SubscribeRequest(symbol='MSFT', exchange=<Exchange.SMART: 'SMART'>)
2026-05-07 00:34:00.786 | INFO | FUTU | 订阅行情成功：MSFT.SMART
LOG FUTU: 订阅行情成功：MSFT.SMART
2026-05-07 00:34:00.787 | INFO | MainEngine | 订阅行情 -> FUTU：SubscribeRequest(symbol='INTC', exchange=<Exchange.SMART: 'SMART'>)
LOG MainEngine: 订阅行情 -> FUTU：SubscribeRequest(symbol='INTC', exchange=<Exchange.SMART: 'SMART'>)
2026-05-07 00:34:00.836 | INFO | FUTU | 订阅行情成功：INTC.SMART
LOG FUTU: 订阅行情成功：INTC.SMART
INITIAL_RISK_CHECK {'budget_base': 500.0, 'max_total_budget': 500.0, 'used_budget': 0.0, 'remaining_budget': 500.0, 'daily_loss_with_fees': 0.0, 'daily_loss_limit': 100.0, 'order_count': 0, 'max_trades': 10, 'budget_ok': True, 'loss_ok': True, 'trade_count_ok': True}
RISK_CHECK {'budget_base': 500.0, 'max_total_budget': 500.0, 'used_budget': 0.0, 'remaining_budget': 500.0, 'daily_loss_with_fees': 0.0, 'daily_loss_limit': 100.0, 'order_count': 0, 'max_trades': 10, 'budget_ok': True, 'loss_ok': True, 'trade_count_ok': True}
SIGNAL SOXL.SMART price=160.880 pos=0 target=0 diff=0 reason=trend_entry
SIGNAL MPWR.SMART price=1650.490 pos=0 target=0 diff=0 reason=trend_entry
SIGNAL AMD.SMART price=412.660 pos=0 target=0 diff=0 reason=trend_entry
SIGNAL NVDA.SMART price=205.380 pos=0 target=0 diff=0 reason=trend_entry
SIGNAL GOOGL.SMART price=399.230 pos=0 target=0 diff=0 reason=trend_entry
SIGNAL MSFT.SMART price=413.210 pos=0 target=0 diff=0 reason=trend_entry
SIGNAL INTC.SMART price=111.360 pos=0 target=0 diff=0 reason=trend_entry
