启动 US 独立观察池交易器，trade=True symbols=['SOXL.SMART', 'MPWR.SMART', 'AMD.SMART', 'NVDA.SMART', 'GOOGL.SMART']
2026-05-07 00:02:18.438 | INFO | MainEngine | 连接登录 -> FUTU
LOG MainEngine: 连接登录 -> FUTU
2026-05-07 00:02:18,468 | 50303 | 8308150080 | [open_context_base.py:410] _init_connect_sync: New connect ready: conn=7457822058872931380(1) context=<futu.quote.open_quote_context.OpenQuoteContext object at 0x1229d7e00>
2026-05-07 00:02:18.469 | INFO | FUTU | 行情接口连接成功
LOG FUTU: 行情接口连接成功
2026-05-07 00:02:18,483 | 50303 | 8308150080 | [open_context_base.py:410] _init_connect_sync: New connect ready: conn=7457822058935380059(2) context=<futu.trade.open_trade_context.OpenSecTradeContext object at 0x122c79400>
2026-05-07 00:02:18.486 | INFO | FUTU | 交易接口连接成功
LOG FUTU: 交易接口连接成功
2026-05-07 00:02:22.741 | INFO | FUTU | 合约信息查询成功
LOG FUTU: 合约信息查询成功
2026-05-07 00:02:22.745 | INFO | FUTU | 查询成交失败：模拟交易不支持成交数据
LOG FUTU: 查询成交失败：模拟交易不支持成交数据
2026-05-07 00:02:26.487 | INFO | MainEngine | 订阅行情 -> FUTU：SubscribeRequest(symbol='SOXL', exchange=<Exchange.SMART: 'SMART'>)
LOG MainEngine: 订阅行情 -> FUTU：SubscribeRequest(symbol='SOXL', exchange=<Exchange.SMART: 'SMART'>)
2026-05-07 00:02:26.544 | INFO | FUTU | 订阅行情成功：SOXL.SMART
LOG FUTU: 订阅行情成功：SOXL.SMART
2026-05-07 00:02:26.544 | INFO | MainEngine | 订阅行情 -> FUTU：SubscribeRequest(symbol='MPWR', exchange=<Exchange.SMART: 'SMART'>)
LOG MainEngine: 订阅行情 -> FUTU：SubscribeRequest(symbol='MPWR', exchange=<Exchange.SMART: 'SMART'>)
2026-05-07 00:02:26.601 | INFO | FUTU | 订阅行情成功：MPWR.SMART
LOG FUTU: 订阅行情成功：MPWR.SMART
2026-05-07 00:02:26.601 | INFO | MainEngine | 订阅行情 -> FUTU：SubscribeRequest(symbol='AMD', exchange=<Exchange.SMART: 'SMART'>)
LOG MainEngine: 订阅行情 -> FUTU：SubscribeRequest(symbol='AMD', exchange=<Exchange.SMART: 'SMART'>)
2026-05-07 00:02:26.654 | INFO | FUTU | 订阅行情成功：AMD.SMART
LOG FUTU: 订阅行情成功：AMD.SMART
2026-05-07 00:02:26.655 | INFO | MainEngine | 订阅行情 -> FUTU：SubscribeRequest(symbol='NVDA', exchange=<Exchange.SMART: 'SMART'>)
LOG MainEngine: 订阅行情 -> FUTU：SubscribeRequest(symbol='NVDA', exchange=<Exchange.SMART: 'SMART'>)
2026-05-07 00:02:26.705 | INFO | FUTU | 订阅行情成功：NVDA.SMART
LOG FUTU: 订阅行情成功：NVDA.SMART
2026-05-07 00:02:26.705 | INFO | MainEngine | 订阅行情 -> FUTU：SubscribeRequest(symbol='GOOGL', exchange=<Exchange.SMART: 'SMART'>)
LOG MainEngine: 订阅行情 -> FUTU：SubscribeRequest(symbol='GOOGL', exchange=<Exchange.SMART: 'SMART'>)
2026-05-07 00:02:26.753 | INFO | FUTU | 订阅行情成功：GOOGL.SMART
